listing 1
// Controlling the main Thread.
class CurrentThreadDemo {
  public static void main(String[] args) {
    Thread t = Thread.currentThread();

    System.out.println("Current thread: " + t);

    // change the name of the thread
    t.setName("My Thread");
    System.out.println("After name change: " + t);

    try {
      for(int n = 5; n > 0; n--) {
        System.out.println(n);
        Thread.sleep(1000);
      }
    } catch (InterruptedException e) {
      System.out.println("Main thread interrupted");
    }
  }
}

listing 2
// Create a second thread.
class NewThread implements Runnable {
  Thread t;

  NewThread() {
    // Create a new, second thread
    t = new Thread(this, "Demo Thread");
    System.out.println("Child thread: " + t);
  }

  // This is the entry point for the second thread.
  public void run() {
    try {
      for(int i = 5; i > 0; i--) {
        System.out.println("Child Thread: " + i);
        Thread.sleep(500);
      }
    } catch (InterruptedException e) {
      System.out.println("Child interrupted.");
    }
    System.out.println("Exiting child thread.");
  }
}

class ThreadDemo {
  public static void main(String[] args) {
    NewThread nt = new NewThread(); // create a new thread

    nt.t.start(); // Start the thread

    try {
      for(int i = 5; i > 0; i--) {
        System.out.println("Main Thread: " + i);
        Thread.sleep(1000);
      }
    } catch (InterruptedException e) {
      System.out.println("Main thread interrupted.");
    }
    System.out.println("Main thread exiting.");
  }
}

listing 3
// Create a second thread by extending Thread
class NewThread extends Thread {

  NewThread() {
    // Create a new, second thread
    super("Demo Thread");
    System.out.println("Child thread: " + this);
  }

  // This is the entry point for the second thread.
  public void run() {
    try {
      for(int i = 5; i > 0; i--) {
        System.out.println("Child Thread: " + i);
        Thread.sleep(500);
      }
    } catch (InterruptedException e) {
      System.out.println("Child interrupted.");
    }
    System.out.println("Exiting child thread.");
  }
}

class ExtendThread {
  public static void main(String[] args) {
    NewThread nt = new NewThread(); // create a new thread

    nt.start(); // start the thread

    try {
      for(int i = 5; i > 0; i--) {
        System.out.println("Main Thread: " + i);
        Thread.sleep(1000);
      }
    } catch (InterruptedException e) {
      System.out.println("Main thread interrupted.");
    }
    System.out.println("Main thread exiting.");
  }
}

listing 4
// Create multiple threads.
class NewThread implements Runnable {
  String name; // name of thread
  Thread t;

  NewThread(String threadname) {
    name = threadname;
    t = new Thread(this, name);
    System.out.println("New thread: " + t);
  }

  // This is the entry point for thread.
  public void run() {
    try {
      for(int i = 5; i > 0; i--) {
        System.out.println(name + ": " + i);
        Thread.sleep(1000);
      }
    } catch (InterruptedException e) {
      System.out.println(name + "Interrupted");
    }
    System.out.println(name + " exiting.");
  }
}

class MultiThreadDemo {
  public static void main(String[] args) {
    NewThread nt1 = new NewThread("One");
    NewThread nt2 = new NewThread("Two");
    NewThread nt3 = new NewThread("Three");

    // Start the threads.
    nt1.t.start(); 
    nt2.t.start(); 
    nt3.t.start(); 

    try {
      // wait for other threads to end
      Thread.sleep(10000);
    } catch (InterruptedException e) {
      System.out.println("Main thread Interrupted");
    }

    System.out.println("Main thread exiting.");
  }
}


listing 5
// Using join() to wait for threads to finish.
class NewThread implements Runnable {
  String name; // name of thread
  Thread t;

  NewThread(String threadname) {
    name = threadname;
    t = new Thread(this, name);
    System.out.println("New thread: " + t);
  }

  // This is the entry point for thread.
  public void run() {
    try {
      for(int i = 5; i > 0; i--) {
        System.out.println(name + ": " + i);
        Thread.sleep(1000);
      }
    } catch (InterruptedException e) {
      System.out.println(name + " interrupted.");
    }
    System.out.println(name + " exiting.");
  }
}

class DemoJoin {
  public static void main(String[] args) {
    NewThread nt1 = new NewThread("One");
    NewThread nt2 = new NewThread("Two");
    NewThread nt3 = new NewThread("Three");

    // Start the threads.
    nt1.t.start();
    nt2.t.start();
    nt3.t.start();

    System.out.println("Thread One is alive: "
                        + nt1.t.isAlive());
    System.out.println("Thread Two is alive: "
                        + nt2.t.isAlive());
    System.out.println("Thread Three is alive: "
                        + nt3.t.isAlive());
    // wait for threads to finish
    try {
      System.out.println("Waiting for threads to finish.");
      nt1.t.join();
      nt2.t.join();
      nt3.t.join();
    } catch (InterruptedException e) {
      System.out.println("Main thread Interrupted");
    }

    System.out.println("Thread One is alive: "
                        + nt1.t.isAlive());
    System.out.println("Thread Two is alive: "
                        + nt2.t.isAlive());
    System.out.println("Thread Three is alive: "
                        + nt3.t.isAlive());

    System.out.println("Main thread exiting.");
  }
}

listing 6
// This program is not synchronized.
class Callme {
  void call(String msg) {
    System.out.print("[" + msg);
    try {
      Thread.sleep(1000);
    } catch(InterruptedException e) {
      System.out.println("Interrupted");
    }
    System.out.println("]");
  }
}

class Caller implements Runnable {
  String msg;
  Callme target;
  Thread t;

  public Caller(Callme targ, String s) {
    target = targ;
    msg = s;
    t = new Thread(this);
  }

  public void run() {
    target.call(msg);
  }
}

class Synch {
  public static void main(String[] args) {
    Callme target = new Callme();
    Caller ob1 = new Caller(target, "Hello");
    Caller ob2 = new Caller(target, "Synchronized");
    Caller ob3 = new Caller(target, "World");

    // Start the threads.
    ob1.t.start();
    ob2.t.start();
    ob3.t.start();

    // wait for threads to end
    try {
      ob1.t.join();
      ob2.t.join();
      ob3.t.join();
    } catch(InterruptedException e) {
      System.out.println("Interrupted");
    }
  }
}

listing 7
// This program uses a synchronized block.
class Callme {
  void call(String msg) {
    System.out.print("[" + msg);
    try {
      Thread.sleep(1000);
    } catch (InterruptedException e) {
      System.out.println("Interrupted");
    }
    System.out.println("]");
  }
}

class Caller implements Runnable {
  String msg;
  Callme target;
  Thread t;

  public Caller(Callme targ, String s) {
    target = targ;
    msg = s;
    t = new Thread(this);
  }

  // synchronize calls to call()
  public void run() {
    synchronized(target) { // synchronized block
      target.call(msg);
    }
  }
}

class Synch1 {
  public static void main(String[] args) {
    Callme target = new Callme();
    Caller ob1 = new Caller(target, "Hello");
    Caller ob2 = new Caller(target, "Synchronized");
    Caller ob3 = new Caller(target, "World");

    // Start the threads.
    ob1.t.start();
    ob2.t.start();
    ob3.t.start();

    // wait for threads to end
    try {
      ob1.t.join();
      ob2.t.join();
      ob3.t.join();
    } catch(InterruptedException e) {
      System.out.println("Interrupted");
    }
  }
}

listing 8
// An incorrect implementation of a producer and consumer.
class Q {
  int n;

  synchronized int get() {
    System.out.println("Got: " + n);
    return n;
  }

  synchronized void put(int n) {
    this.n = n;
    System.out.println("Put: " + n);
  }
}

class Producer implements Runnable {
  Q q;
  Thread t;

  Producer(Q q) {
    this.q = q;
    t = new Thread(this, "Producer");
  }

  public void run() {
    int i = 0;

    while(true) {
      q.put(i++);
    }
  }
}

class Consumer implements Runnable {
  Q q;
  Thread t;

  Consumer(Q q) {
    this.q = q;
    t = new Thread(this, "Consumer");
  }

  public void run() {
    while(true) {
      q.get();
    }
  }
}

class PC {
  public static void main(String[] args) {
    Q q = new Q();
    Producer p = new Producer(q);
    Consumer c = new Consumer(q);

    // Start the threads.
    p.t.start();
    c.t.start();

    System.out.println("Press Control-C to stop.");
  }
}

listing 9
// A correct implementation of a producer and consumer.
class Q {
  int n;
  boolean valueSet = false;

  synchronized int get() {
    while(!valueSet)
      try {
        wait();

      } catch(InterruptedException e) {
        System.out.println("InterruptedException caught");
      }

      System.out.println("Got: " + n);
      valueSet = false;
      notify();
      return n;
  }

  synchronized void put(int n) {
    while(valueSet)
      try {
        wait();
      } catch(InterruptedException e) {
        System.out.println("InterruptedException caught");
      }

      this.n = n;
      valueSet = true;
      System.out.println("Put: " + n);
      notify();
  }
}

class Producer implements Runnable {
  Q q;
  Thread t;

  Producer(Q q) {
    this.q = q;
    t = new Thread(this, "Producer");
  }

  public void run() {
    int i = 0;

    while(true) {
      q.put(i++);
    }
  }
}

class Consumer implements Runnable {
  Q q;
  Thread t;

  Consumer(Q q) {
    this.q = q;
    t = new Thread(this, "Consumer");
  }

  public void run() {
    while(true) {
      q.get();
    }
  }
}

class PCFixed {
  public static void main(String[] args) {
    Q q = new Q();
    Producer p = new Producer(q);
    Consumer c = new Consumer(q);

    // Start the threads.
    p.t.start();
    c.t.start();

    System.out.println("Press Control-C to stop.");
  }
}

listing 10
// An example of deadlock.
class A {
  synchronized void foo(B b) {
    String name = Thread.currentThread().getName();

    System.out.println(name + " entered A.foo");

    try {
      Thread.sleep(1000);
    } catch(Exception e) {
      System.out.println("A Interrupted");
    }

    System.out.println(name + " trying to call B.last()");
    b.last();
  }

  synchronized void last() {
    System.out.println("Inside A.last");
  }
}

class B {
  synchronized void bar(A a) {
    String name = Thread.currentThread().getName();
    System.out.println(name + " entered B.bar");

    try {
      Thread.sleep(1000);
    } catch(Exception e) {
      System.out.println("B Interrupted");
    }

    System.out.println(name + " trying to call A.last()");
    a.last();
  }

  synchronized void last() {
    System.out.println("Inside A.last");
  }
}

class Deadlock implements Runnable {
  A a = new A();
  B b = new B();
  Thread t;

  Deadlock() {
    Thread.currentThread().setName("MainThread");
    t = new Thread(this, "RacingThread");
  }

  void deadlockStart() {
    t.start();
    a.foo(b); // get lock on a in this thread.
    System.out.println("Back in main thread");
  }

  public void run() {
    b.bar(a); // get lock on b in other thread.
    System.out.println("Back in other thread");
  }

  public static void main(String[] args) {
    Deadlock dl = new Deadlock();
    
    dl.deadlockStart();
  }
}


listing 11
// Suspending and resuming a thread the modern way.
class NewThread implements Runnable {
  String name; // name of thread
  Thread t;
  boolean suspendFlag;
  
  NewThread(String threadname) {
    name = threadname;
    t = new Thread(this, name);
    System.out.println("New thread: " + t);
    suspendFlag = false;
  }

  // This is the entry point for thread.
  public void run() {
    try {
      for(int i = 15; i > 0; i--) {
        System.out.println(name + ": " + i);
        Thread.sleep(200);
        synchronized(this) {
          while(suspendFlag) {
            wait();
          }
        }
      }
    } catch (InterruptedException e) {
      System.out.println(name + " interrupted.");
    }
    System.out.println(name + " exiting.");
  }

  synchronized void mysuspend() {
    suspendFlag = true;
  }

  synchronized void myresume() {
    suspendFlag = false;
    notify();
  }
}

class SuspendResume {
  public static void main(String[] args) {
    NewThread ob1 = new NewThread("One");
    NewThread ob2 = new NewThread("Two");

    // Start the threads.
    ob1.t.start(); 
    ob2.t.start(); 

    try {
      Thread.sleep(1000);
      ob1.mysuspend();
      System.out.println("Suspending thread One");
      Thread.sleep(1000);
      ob1.myresume();
      System.out.println("Resuming thread One");
      ob2.mysuspend();
      System.out.println("Suspending thread Two");
      Thread.sleep(1000);
      ob2.myresume();
      System.out.println("Resuming thread Two");
    } catch (InterruptedException e) {
      System.out.println("Main thread Interrupted");
    }

    // wait for threads to finish
    try {
      System.out.println("Waiting for threads to finish.");
      ob1.t.join();
      ob2.t.join();
    } catch (InterruptedException e) {
      System.out.println("Main thread Interrupted");
    }
 
    System.out.println("Main thread exiting.");
  }
}
